]0;~/Desktop/r-things/renata[?1034hRenatas-MacBook-Pro:renata rgerecke$ [KRenatas-MacBook-Pro:renata rgerecke$ git init
Initialized empty Git repository in /Users/rgerecke/Desktop/r-things/renata/.git/
]0;~/Desktop/r-things/renataRenatas-MacBook-Pro:renata rgerecke$ git add .
]0;~/Desktop/r-things/renataRenatas-MacBook-Pro:renata rgerecke$ git commit -m "create package,  add get_docu[K[K[Kictionary function"
[master (root-commit) 6820d0b] create package, add get_dictionary function
 8 files changed, 94 insertions(+)
 create mode 100644 .Rbuildignore
 create mode 100644 .gitignore
 create mode 100644 DESCRIPTION
 create mode 100644 NAMESPACE
 create mode 100644 R/get_dictionary-function.R
 create mode 100644 data/spss_data.rda
 create mode 100644 man/get_dictionary.Rd
 create mode 100644 renata.Rproj
]0;~/Desktop/r-things/renataRenatas-MacBook-Pro:renata rgerecke$ git remote add origin https://g ithub.com/rvg02010/renata.git
]0;~/Desktop/r-things/renataRenatas-MacBook-Pro:renata rgerecke$ git push origin master
Counting objects: 13, done.
Delta compression using up to 4 threads.
Compressing objects:  11% (1/9)   Compressing objects:  22% (2/9)   Compressing objects:  33% (3/9)   Compressing objects:  44% (4/9)   Compressing objects:  55% (5/9)   Compressing objects:  66% (6/9)   Compressing objects:  77% (7/9)   Compressing objects:  88% (8/9)   Compressing objects: 100% (9/9)   Compressing objects: 100% (9/9), done.
Writing objects:   7% (1/13)   Writing objects:  15% (2/13)   Writing objects:  23% (3/13)   Writing objects:  30% (4/13)   Writing objects:  38% (5/13)   Writing objects:  46% (6/13)   Writing objects:  53% (7/13)   Writing objects:  61% (8/13)   Writing objects:  69% (9/13)   Writing objects:  76% (10/13)   Writing objects:  84% (11/13)   Writing objects:  92% (12/13)   Writing objects: 100% (13/13)   Writing objects: 100% (13/13), 2.77 KiB | 1.38 MiB/s, done.
Total 13 (delta 0), reused 0 (delta 0)
To https://github.com/rvg02010/renata.git
 * [new branch]      master -> master
]0;~/Desktop/r-things/renataRenatas-MacBook-Pro:renata rgerecke$ git add .
]0;~/Desktop/r-things/renataRenatas-MacBook-Pro:renata rgerecke$ git commit ([K-m "add readme"
[master 1a7081a] add readme
 1 file changed, 11 insertions(+)
 create mode 100644 README.md
]0;~/Desktop/r-things/renataRenatas-MacBook-Pro:renata rgerecke$ git push origin master
Counting objects: 3, done.
Delta compression using up to 4 threads.
Compressing objects:  33% (1/3)   Compressing objects:  66% (2/3)   Compressing objects: 100% (3/3)   Compressing objects: 100% (3/3), done.
Writing objects:  33% (1/3)   Writing objects:  66% (2/3)   Writing objects: 100% (3/3)   Writing objects: 100% (3/3), 473 bytes | 473.00 KiB/s, done.
Total 3 (delta 1), reused 0 (delta 0)
remote: Resolving deltas:   0% (0/1)   [Kremote: Resolving deltas: 100% (1/1)   [Kremote: Resolving deltas: 100% (1/1), completed with 1 local object.[K
To https://github.com/rvg02010/renata.git
   6820d0b..1a7081a  master -> master
git add .
