]0;~/Desktop/r-things/renata[?1034hRenatas-MacBook-Pro:renata rgerecke$ [KRenatas-MacBook-Pro:renata rgerecke$ git init
Initialized empty Git repository in /Users/rgerecke/Desktop/r-things/renata/.git/
]0;~/Desktop/r-things/renataRenatas-MacBook-Pro:renata rgerecke$ git add .
]0;~/Desktop/r-things/renataRenatas-MacBook-Pro:renata rgerecke$ git commit -m "create package,  add get_docu[K[K[Kictionary function"
[master (root-commit) 6820d0b] create package, add get_dictionary function
 8 files changed, 94 insertions(+)
 create mode 100644 .Rbuildignore
 create mode 100644 .gitignore
 create mode 100644 DESCRIPTION
 create mode 100644 NAMESPACE
 create mode 100644 R/get_dictionary-function.R
 create mode 100644 data/spss_data.rda
 create mode 100644 man/get_dictionary.Rd
 create mode 100644 renata.Rproj
]0;~/Desktop/r-things/renataRenatas-MacBook-Pro:renata rgerecke$ git remote add origin https://g ithub.com/rvg02010/renata.git
]0;~/Desktop/r-things/renataRenatas-MacBook-Pro:renata rgerecke$ git push origin master
Counting objects: 13, done.
Delta compression using up to 4 threads.
Compressing objects:  11% (1/9)   Compressing objects:  22% (2/9)   Compressing objects:  33% (3/9)   Compressing objects:  44% (4/9)   Compressing objects:  55% (5/9)   Compressing objects:  66% (6/9)   Compressing objects:  77% (7/9)   Compressing objects:  88% (8/9)   Compressing objects: 100% (9/9)   Compressing objects: 100% (9/9), done.
Writing objects:   7% (1/13)   Writing objects:  15% (2/13)   Writing objects:  23% (3/13)   Writing objects:  30% (4/13)   Writing objects:  38% (5/13)   Writing objects:  46% (6/13)   Writing objects:  53% (7/13)   Writing objects:  61% (8/13)   Writing objects:  69% (9/13)   Writing objects:  76% (10/13)   Writing objects:  84% (11/13)   Writing objects:  92% (12/13)   Writing objects: 100% (13/13)   Writing objects: 100% (13/13), 2.77 KiB | 1.38 MiB/s, done.
Total 13 (delta 0), reused 0 (delta 0)
To https://github.com/rvg02010/renata.git
 * [new branch]      master -> master
]0;~/Desktop/r-things/renataRenatas-MacBook-Pro:renata rgerecke$ git add .
]0;~/Desktop/r-things/renataRenatas-MacBook-Pro:renata rgerecke$ git commit ([K-m "add readme"
[master 1a7081a] add readme
 1 file changed, 11 insertions(+)
 create mode 100644 README.md
]0;~/Desktop/r-things/renataRenatas-MacBook-Pro:renata rgerecke$ git push origin master
Counting objects: 3, done.
Delta compression using up to 4 threads.
Compressing objects:  33% (1/3)   Compressing objects:  66% (2/3)   Compressing objects: 100% (3/3)   Compressing objects: 100% (3/3), done.
Writing objects:  33% (1/3)   Writing objects:  66% (2/3)   Writing objects: 100% (3/3)   Writing objects: 100% (3/3), 473 bytes | 473.00 KiB/s, done.
Total 3 (delta 1), reused 0 (delta 0)
remote: Resolving deltas:   0% (0/1)   [Kremote: Resolving deltas: 100% (1/1)   [Kremote: Resolving deltas: 100% (1/1), completed with 1 local object.[K
To https://github.com/rvg02010/renata.git
   6820d0b..1a7081a  master -> master
git add .
]0;~/Desktop/r-things/renataRenatas-MacBook-Pro:renata rgerecke$ git status
On branch master
Changes to be committed:
  (use "git reset HEAD <file>..." to unstage)

	[32mmodified:   .Rbuildignore[m
	[32mnew file:   .Rhistory[m
	[32mnew file:   .Rproj.user/48B8425D/console06/429AE923[m
	[32mnew file:   .Rproj.user/48B8425D/console06/429AE923.env[m
	[32mnew file:   .Rproj.user/48B8425D/console06/INDEX001[m
	[32mnew file:   .Rproj.user/48B8425D/cpp-definition-cache[m
	[32mnew file:   .Rproj.user/48B8425D/pcs/files-pane.pper[m
	[32mnew file:   .Rproj.user/48B8425D/pcs/source-pane.pper[m
	[32mnew file:   .Rproj.user/48B8425D/pcs/windowlayoutstate.pper[m
	[32mnew file:   .Rproj.user/48B8425D/pcs/workbench-pane.pper[m
	[32mnew file:   .Rproj.user/48B8425D/rmd-outputs[m
	[32mnew file:   .Rproj.user/48B8425D/saved_source_markers[m
	[32mnew file:   .Rproj.user/48B8425D/sources/prop/123176ED[m
	[32mnew file:   .Rproj.user/48B8425D/sources/prop/650146BF[m
	[32mnew file:   .Rproj.user/48B8425D/sources/prop/846C70C3[m
	[32mnew file:   .Rproj.user/48B8425D/sources/prop/88FEF692[m
	[32mnew file:   .Rproj.user/48B8425D/sources/prop/CAA05374[m
	[32mnew file:   .Rproj.user/48B8425D/sources/prop/CCF0D9C6[m
	[32mnew file:   .Rproj.user/48B8425D/sources/prop/F772128D[m
	[32mnew file:   .Rproj.user/48B8425D/sources/prop/INDEX[m
	[32mnew file:   .Rproj.user/48B8425D/sources/s-578C43AD/3E0CFC81-contents[m
	[32mnew file:   .Rproj.user/48B8425D/sources/s-578C43AD/48F519F2-contents[m
	[32mnew file:   .Rproj.user/48B8425D/sources/s-578C43AD/531B7191-contents[m
	[32mnew file:   .Rproj.user/48B8425D/sources/s-578C43AD/60DDDC4F-contents[m
	[32mnew file:   .Rproj.user/48B8425D/sources/s-578C43AD/9C84C381-contents[m
	[32mnew file:   .Rproj.user/48B8425D/sources/s-578C43AD/AA6F3354-contents[m
	[32mnew file:   .Rproj.user/48B8425D/sources/s-578C43AD/lock_file[m
	[32mnew file:   .Rproj.user/shared/notebooks/patch-chunk-names[m
	[32mnew file:   .Rproj.user/shared/notebooks/paths[m
	[32mmodified:   .gitignore[m

Changes not staged for commit:
  (use "git add <file>..." to update what will be committed)
  (use "git checkout -- <file>..." to discard changes in working directory)

	[31mmodified:   .Rproj.user/48B8425D/console06/429AE923[m

]0;~/Desktop/r-things/renataRenatas-MacBook-Pro:renata rgerecke$ git push [K[K[K[K[Kcommit -m "may [Kbe fixed an e rror"
[master ab5a01f] maybe fixed an error
 30 files changed, 305 insertions(+), 1 deletion(-)
 create mode 100644 .Rhistory
 create mode 100644 .Rproj.user/48B8425D/console06/429AE923
 create mode 100644 .Rproj.user/48B8425D/console06/429AE923.env
 create mode 100644 .Rproj.user/48B8425D/console06/INDEX001
 create mode 100644 .Rproj.user/48B8425D/cpp-definition-cache
 create mode 100644 .Rproj.user/48B8425D/pcs/files-pane.pper
 create mode 100644 .Rproj.user/48B8425D/pcs/source-pane.pper
 create mode 100644 .Rproj.user/48B8425D/pcs/windowlayoutstate.pper
 create mode 100644 .Rproj.user/48B8425D/pcs/workbench-pane.pper
 create mode 100644 .Rproj.user/48B8425D/rmd-outputs
 create mode 100644 .Rproj.user/48B8425D/saved_source_markers
 create mode 100644 .Rproj.user/48B8425D/sources/prop/123176ED
 create mode 100644 .Rproj.user/48B8425D/sources/prop/650146BF
 create mode 100644 .Rproj.user/48B8425D/sources/prop/846C70C3
 create mode 100644 .Rproj.user/48B8425D/sources/prop/88FEF692
 create mode 100644 .Rproj.user/48B8425D/sources/prop/CAA05374
 create mode 100644 .Rproj.user/48B8425D/sources/prop/CCF0D9C6
 create mode 100644 .Rproj.user/48B8425D/sources/prop/F772128D
 create mode 100644 .Rproj.user/48B8425D/sources/prop/INDEX
 create mode 100644 .Rproj.user/48B8425D/sources/s-578C43AD/3E0CFC81-contents
 create mode 100644 .Rproj.user/48B8425D/sources/s-578C43AD/48F519F2-contents
 create mode 100644 .Rproj.user/48B8425D/sources/s-578C43AD/531B7191-contents
 create mode 100644 .Rproj.user/48B8425D/sources/s-578C43AD/60DDDC4F-contents
 create mode 100644 .Rproj.user/48B8425D/sources/s-578C43AD/9C84C381-contents
 create mode 100644 .Rproj.user/48B8425D/sources/s-578C43AD/AA6F3354-contents
 create mode 100644 .Rproj.user/48B8425D/sources/s-578C43AD/lock_file
 create mode 100644 .Rproj.user/shared/notebooks/patch-chunk-names
 create mode 100644 .Rproj.user/shared/notebooks/paths
]0;~/Desktop/r-things/renataRenatas-MacBook-Pro:renata rgerecke$ git add .
]0;~/Desktop/r-things/renataRenatas-MacBook-Pro:renata rgerecke$ git status
On branch master
Changes to be committed:
  (use "git reset HEAD <file>..." to unstage)

	[32mmodified:   .Rproj.user/48B8425D/console06/429AE923[m
	[32mmodified:   .Rproj.user/48B8425D/console06/429AE923.env[m
	[32mmodified:   .Rproj.user/48B8425D/sources/prop/88FEF692[m
	[32mnew file:   .Rproj.user/48B8425D/sources/s-578C43AD/690D8F90[m
	[32mnew file:   .Rproj.user/48B8425D/sources/s-578C43AD/690D8F90-contents[m
	[32mnew file:   .Rproj.user/48B8425D/sources/s-578C43AD/C439937C[m
	[32mnew file:   .Rproj.user/48B8425D/sources/s-578C43AD/C439937C-contents[m
	[32mmodified:   .gitignore[m

Changes not staged for commit:
  (use "git add <file>..." to update what will be committed)
  (use "git checkout -- <file>..." to discard changes in working directory)

	[31mmodified:   .Rproj.user/48B8425D/console06/429AE923[m

]0;~/Desktop/r-things/renataRenatas-MacBook-Pro:renata rgerecke$ git add ,.
fatal: pathspec ',.' did not match any files
]0;~/Desktop/r-things/renataRenatas-MacBook-Pro:renata rgerecke$ git add .
]0;~/Desktop/r-things/renataRenatas-MacBook-Pro:renata rgerecke$ git status
On branch master
Changes to be committed:
  (use "git reset HEAD <file>..." to unstage)

	[32mmodified:   .Rproj.user/48B8425D/console06/429AE923[m
	[32mmodified:   .Rproj.user/48B8425D/console06/429AE923.env[m
	[32mmodified:   .Rproj.user/48B8425D/sources/prop/88FEF692[m
	[32mnew file:   .Rproj.user/48B8425D/sources/s-578C43AD/690D8F90[m
	[32mnew file:   .Rproj.user/48B8425D/sources/s-578C43AD/690D8F90-contents[m
	[32mnew file:   .Rproj.user/48B8425D/sources/s-578C43AD/C439937C[m
	[32mnew file:   .Rproj.user/48B8425D/sources/s-578C43AD/C439937C-contents[m
	[32mmodified:   .gitignore[m

Changes not staged for commit:
  (use "git add <file>..." to update what will be committed)
  (use "git checkout -- <file>..." to discard changes in working directory)

	[31mmodified:   .Rproj.user/48B8425D/console06/429AE923[m

]0;~/Desktop/r-things/renataRenatas-MacBook-Pro:renata rgerecke$ git reset head .
Unstaged changes after reset:
M	.Rproj.user/48B8425D/console06/429AE923
M	.Rproj.user/48B8425D/console06/429AE923.env
M	.Rproj.user/48B8425D/sources/prop/88FEF692
M	.gitignore
]0;~/Desktop/r-things/renataRenatas-MacBook-Pro:renata rgerecke$ git status
On branch master
Changes not staged for commit:
  (use "git add <file>..." to update what will be committed)
  (use "git checkout -- <file>..." to discard changes in working directory)

	[31mmodified:   .Rproj.user/48B8425D/console06/429AE923[m
	[31mmodified:   .Rproj.user/48B8425D/console06/429AE923.env[m
	[31mmodified:   .Rproj.user/48B8425D/sources/prop/88FEF692[m
	[31mmodified:   .gitignore[m

no changes added to commit (use "git add" and/or "git commit -a")
]0;~/Desktop/r-things/renataRenatas-MacBook-Pro:renata rgerecke$ git add .
]0;~/Desktop/r-things/renataRenatas-MacBook-Pro:renata rgerecke$ git status
On branch master
Changes to be committed:
  (use "git reset HEAD <file>..." to unstage)

	[32mmodified:   .Rproj.user/48B8425D/console06/429AE923[m
	[32mmodified:   .Rproj.user/48B8425D/console06/429AE923.env[m
	[32mmodified:   .Rproj.user/48B8425D/sources/prop/88FEF692[m
	[32mmodified:   .gitignore[m

Changes not staged for commit:
  (use "git add <file>..." to update what will be committed)
  (use "git checkout -- <file>..." to discard changes in working directory)

	[31mmodified:   .Rproj.user/48B8425D/console06/429AE923[m

]0;~/Desktop/r-things/renataRenatas-MacBook-Pro:renata rgerecke$ git add .
]0;~/Desktop/r-things/renataRenatas-MacBook-Pro:renata rgerecke$ git p[Kstatus
On branch master
Changes to be committed:
  (use "git reset HEAD <file>..." to unstage)

	[32mmodified:   .Rproj.user/48B8425D/console06/429AE923[m
	[32mmodified:   .Rproj.user/48B8425D/console06/429AE923.env[m
	[32mmodified:   .Rproj.user/48B8425D/sources/prop/88FEF692[m
	[32mnew file:   .Rproj.user/48B8425D/sources/s-578C43AD/690D8F90-contents[m
	[32mnew file:   .Rproj.user/48B8425D/sources/s-578C43AD/A7952EDD[m
	[32mnew file:   .Rproj.user/48B8425D/sources/s-578C43AD/A7952EDD-contents[m
	[32mnew file:   .Rproj.user/48B8425D/sources/s-578C43AD/C439937C-contents[m
	[32mmodified:   .gitignore[m

Changes not staged for commit:
  (use "git add <file>..." to update what will be committed)
  (use "git checkout -- <file>..." to discard changes in working directory)

	[31mmodified:   .Rproj.user/48B8425D/console06/429AE923[m

]0;~/Desktop/r-things/renataRenatas-MacBook-Pro:renata rgerecke$ git add .
]0;~/Desktop/r-things/renataRenatas-MacBook-Pro:renata rgerecke$ git status
On branch master
Changes to be committed:
  (use "git reset HEAD <file>..." to unstage)

	[32mmodified:   .Rproj.user/48B8425D/console06/429AE923[m
	[32mmodified:   .Rproj.user/48B8425D/console06/429AE923.env[m
	[32mmodified:   .Rproj.user/48B8425D/sources/prop/88FEF692[m
	[32mnew file:   .Rproj.user/48B8425D/sources/s-578C43AD/690D8F90-contents[m
	[32mnew file:   .Rproj.user/48B8425D/sources/s-578C43AD/A7952EDD[m
	[32mnew file:   .Rproj.user/48B8425D/sources/s-578C43AD/A7952EDD-contents[m
	[32mnew file:   .Rproj.user/48B8425D/sources/s-578C43AD/C439937C-contents[m
	[32mmodified:   .gitignore[m

Changes not staged for commit:
  (use "git add <file>..." to update what will be committed)
  (use "git checkout -- <file>..." to discard changes in working directory)

	[31mmodified:   .Rproj.user/48B8425D/console06/429AE923[m

]0;~/Desktop/r-things/renataRenatas-MacBook-Pro:renata rgerecke$ git add ,
fatal: pathspec ',' did not match any files
]0;~/Desktop/r-things/renataRenatas-MacBook-Pro:renata rgerecke$ git add .
]0;~/Desktop/r-things/renataRenatas-MacBook-Pro:renata rgerecke$ git status
On branch master
Changes to be committed:
  (use "git reset HEAD <file>..." to unstage)

	[32mmodified:   .Rproj.user/48B8425D/console06/429AE923[m
	[32mmodified:   .Rproj.user/48B8425D/console06/429AE923.env[m
	[32mmodified:   .Rproj.user/48B8425D/sources/prop/88FEF692[m
	[32mnew file:   .Rproj.user/48B8425D/sources/s-578C43AD/690D8F90-contents[m
	[32mnew file:   .Rproj.user/48B8425D/sources/s-578C43AD/A7952EDD[m
	[32mnew file:   .Rproj.user/48B8425D/sources/s-578C43AD/A7952EDD-contents[m
	[32mnew file:   .Rproj.user/48B8425D/sources/s-578C43AD/C439937C-contents[m
	[32mmodified:   .gitignore[m

Changes not staged for commit:
  (use "git add <file>..." to update what will be committed)
  (use "git checkout -- <file>..." to discard changes in working directory)

	[31mmodified:   .Rproj.user/48B8425D/console06/429AE923[m

]0;~/Desktop/r-things/renataRenatas-MacBook-Pro:renata rgerecke$ git add .
]0;~/Desktop/r-things/renataRenatas-MacBook-Pro:renata rgerecke$ git status
On branch master
Changes to be committed:
  (use "git reset HEAD <file>..." to unstage)

	[32mmodified:   .Rproj.user/48B8425D/console06/429AE923[m
	[32mmodified:   .Rproj.user/48B8425D/console06/429AE923.env[m
	[32mmodified:   .Rproj.user/48B8425D/sources/prop/846C70C3[m
	[32mmodified:   .Rproj.user/48B8425D/sources/prop/88FEF692[m
	[32mnew file:   .Rproj.user/48B8425D/sources/s-578C43AD/5FA26353[m
	[32mnew file:   .Rproj.user/48B8425D/sources/s-578C43AD/5FA26353-contents[m
	[32mnew file:   .Rproj.user/48B8425D/sources/s-578C43AD/690D8F90-contents[m
	[32mnew file:   .Rproj.user/48B8425D/sources/s-578C43AD/A7952EDD[m
	[32mnew file:   .Rproj.user/48B8425D/sources/s-578C43AD/A7952EDD-contents[m
	[32mnew file:   .Rproj.user/48B8425D/sources/s-578C43AD/C439937C-contents[m
	[32mmodified:   .gitignore[m

Changes not staged for commit:
  (use "git add <file>..." to update what will be committed)
  (use "git checkout -- <file>..." to discard changes in working directory)

	[31mmodified:   .Rproj.user/48B8425D/console06/429AE923[m

]0;~/Desktop/r-things/renataRenatas-MacBook-Pro:renata rgerecke$ git status[1Padd .
]0;~/Desktop/r-things/renataRenatas-MacBook-Pro:renata rgerecke$ git add .status
On branch master
Changes to be committed:
  (use "git reset HEAD <file>..." to unstage)

	[32mmodified:   .Rproj.user/48B8425D/console06/429AE923[m
	[32mmodified:   .Rproj.user/48B8425D/console06/429AE923.env[m
	[32mmodified:   .Rproj.user/48B8425D/sources/prop/846C70C3[m
	[32mmodified:   .Rproj.user/48B8425D/sources/prop/88FEF692[m
	[32mnew file:   .Rproj.user/48B8425D/sources/s-578C43AD/5FA26353[m
	[32mnew file:   .Rproj.user/48B8425D/sources/s-578C43AD/5FA26353-contents[m
	[32mnew file:   .Rproj.user/48B8425D/sources/s-578C43AD/690D8F90-contents[m
	[32mnew file:   .Rproj.user/48B8425D/sources/s-578C43AD/A7952EDD[m
	[32mnew file:   .Rproj.user/48B8425D/sources/s-578C43AD/A7952EDD-contents[m
	[32mnew file:   .Rproj.user/48B8425D/sources/s-578C43AD/C439937C-contents[m
	[32mmodified:   .gitignore[m

Changes not staged for commit:
  (use "git add <file>..." to update what will be committed)
  (use "git checkout -- <file>..." to discard changes in working directory)

	[31mmodified:   .Rproj.user/48B8425D/console06/429AE923[m

]0;~/Desktop/r-things/renataRenatas-MacBook-Pro:renata rgerecke$ git status[1Padd .
]0;~/Desktop/r-things/renataRenatas-MacBook-Pro:renata rgerecke$ git add .status
On branch master
Changes to be committed:
  (use "git reset HEAD <file>..." to unstage)

	[32mmodified:   .Rproj.user/48B8425D/console06/429AE923[m
	[32mmodified:   .Rproj.user/48B8425D/console06/429AE923.env[m
	[32mmodified:   .Rproj.user/48B8425D/sources/prop/846C70C3[m
	[32mmodified:   .Rproj.user/48B8425D/sources/prop/88FEF692[m
	[32mnew file:   .Rproj.user/48B8425D/sources/s-578C43AD/5FA26353[m
	[32mnew file:   .Rproj.user/48B8425D/sources/s-578C43AD/5FA26353-contents[m
	[32mnew file:   .Rproj.user/48B8425D/sources/s-578C43AD/690D8F90-contents[m
	[32mnew file:   .Rproj.user/48B8425D/sources/s-578C43AD/A7952EDD[m
	[32mnew file:   .Rproj.user/48B8425D/sources/s-578C43AD/A7952EDD-contents[m
	[32mnew file:   .Rproj.user/48B8425D/sources/s-578C43AD/C439937C-contents[m
	[32mmodified:   .gitignore[m

Changes not staged for commit:
  (use "git add <file>..." to update what will be committed)
  (use "git checkout -- <file>..." to discard changes in working directory)

	[31mmodified:   .Rproj.user/48B8425D/console06/429AE923[m

]0;~/Desktop/r-things/renataRenatas-MacBook-Pro:renata rgerecke$ git reset head .
Unstaged changes after reset:
M	.Rproj.user/48B8425D/console06/429AE923
M	.Rproj.user/48B8425D/console06/429AE923.env
M	.Rproj.user/48B8425D/sources/prop/846C70C3
M	.Rproj.user/48B8425D/sources/prop/88FEF692
M	.gitignore
]0;~/Desktop/r-things/renataRenatas-MacBook-Pro:renata rgerecke$ [KRenatas-MacBook-Pro:renata rgerecke$ git add .
]0;~/Desktop/r-things/renataRenatas-MacBook-Pro:renata rgerecke$ git pu[K[Kcommit -m "trying ot fix [K[K[K[K[K[K[Kto fix errors"
[master f33a509] trying to fix errors
 12 files changed, 365 insertions(+), 7 deletions(-)
 create mode 100644 .Rproj.user/48B8425D/sources/s-578C43AD/5FA26353
 create mode 100644 .Rproj.user/48B8425D/sources/s-578C43AD/5FA26353-contents
 create mode 100644 .Rproj.user/48B8425D/sources/s-578C43AD/690D8F90-contents
 create mode 100644 .Rproj.user/48B8425D/sources/s-578C43AD/A7952EDD
 create mode 100644 .Rproj.user/48B8425D/sources/s-578C43AD/A7952EDD-contents
 create mode 100644 .Rproj.user/48B8425D/sources/s-578C43AD/C439937C-contents
]0;~/Desktop/r-things/renataRenatas-MacBook-Pro:renata rgerecke$ git push origin master
Counting objects: 49, done.
Delta compression using up to 4 threads.
Compressing objects:   2% (1/41)   Compressing objects:   4% (2/41)   Compressing objects:   7% (3/41)   Compressing objects:   9% (4/41)   Compressing objects:  12% (5/41)   Compressing objects:  14% (6/41)   Compressing objects:  17% (7/41)   Compressing objects:  19% (8/41)   Compressing objects:  21% (9/41)   Compressing objects:  24% (10/41)   Compressing objects:  26% (11/41)   Compressing objects:  29% (12/41)   Compressing objects:  31% (13/41)   Compressing objects:  34% (14/41)   Compressing objects:  36% (15/41)   Compressing objects:  39% (16/41)   Compressing objects:  41% (17/41)   Compressing objects:  43% (18/41)   Compressing objects:  46% (19/41)   Compressing objects:  48% (20/41)   Compressing objects:  51% (21/41)   Compressing objects:  53% (22/41)   Compressing objects:  56% (23/41)   Compressing objects:  58% (24/41)   Compressing objects:  60% (25/41)   Compressing objects:  63% (26/41)   Compressing objects:  65% (27/41)   Compressing objects:  68% (28/41)   Compressing objects:  70% (29/41)   Compressing objects:  73% (30/41)   Compressing objects:  75% (31/41)   Compressing objects:  78% (32/41)   Compressing objects:  80% (33/41)   Compressing objects:  82% (34/41)   Compressing objects:  85% (35/41)   Compressing objects:  87% (36/41)   Compressing objects:  90% (37/41)   Compressing objects:  92% (38/41)   Compressing objects:  95% (39/41)   Compressing objects:  97% (40/41)   Compressing objects: 100% (41/41)   Compressing objects: 100% (41/41), done.
Writing objects:   2% (1/49)   Writing objects:   4% (2/49)   Writing objects:   6% (3/49)   Writing objects:   8% (4/49)   Writing objects:  10% (5/49)   Writing objects:  12% (6/49)   Writing objects:  14% (7/49)   Writing objects:  16% (8/49)   Writing objects:  18% (9/49)   Writing objects:  20% (10/49)   Writing objects:  22% (11/49)   Writing objects:  24% (12/49)   Writing objects:  26% (13/49)   Writing objects:  28% (14/49)   Writing objects:  30% (15/49)   Writing objects:  32% (16/49)   Writing objects:  34% (17/49)   Writing objects:  36% (18/49)   Writing objects:  38% (19/49)   Writing objects:  40% (20/49)   Writing objects:  42% (21/49)   Writing objects:  44% (22/49)   Writing objects:  46% (23/49)   Writing objects:  48% (24/49)   Writing objects:  51% (25/49)   Writing objects:  53% (26/49)   Writing objects:  55% (27/49)   Writing objects:  57% (28/49)   Writing objects:  59% (29/49)   Writing objects:  61% (30/49)   Writing objects:  65% (32/49)   Writing objects:  67% (33/49)   Writing objects:  69% (34/49)   Writing objects:  71% (35/49)   Writing objects:  73% (36/49)   Writing objects:  75% (37/49)   Writing objects:  77% (38/49)   Writing objects:  79% (39/49)   Writing objects:  81% (40/49)   Writing objects:  83% (41/49)   Writing objects:  85% (42/49)   Writing objects:  87% (43/49)   Writing objects:  89% (44/49)   Writing objects:  91% (45/49)   Writing objects:  93% (46/49)   Writing objects:  95% (47/49)   Writing objects:  97% (48/49)   Writing objects: 100% (49/49)   Writing objects: 100% (49/49), 7.95 KiB | 153.00 KiB/s, done.
Total 49 (delta 9), reused 0 (delta 0)
remote: Resolving deltas:   0% (0/9)   [Kremote: Resolving deltas:  11% (1/9)   [Kremote: Resolving deltas:  22% (2/9)   [Kremote: Resolving deltas:  33% (3/9)   [Kremote: Resolving deltas:  44% (4/9)   [Kremote: Resolving deltas:  55% (5/9)   [Kremote: Resolving deltas:  66% (6/9)   [Kremote: Resolving deltas:  77% (7/9)   [Kremote: Resolving deltas: 100% (9/9)   [Kremote: Resolving deltas: 100% (9/9), completed with 1 local object.[K
To https://github.com/rvg02010/renata.git
   1a7081a..f33a509  master -> master
]0;~/Desktop/r-things/renataRenatas-MacBook-Pro:renata rgerecke$ git [K[K[K[Kgit add .
[KRenatas-MacBook-Pro:renata rgerecke$ git add .
]0;~/Desktop/r-things/renataRenatas-MacBook-Pro:renata rgerecke$ git status
On branch master
Changes to be committed:
  (use "git reset HEAD <file>..." to unstage)

	[32mmodified:   .Rhistory[m
	[32mmodified:   .Rproj.user/48B8425D/console06/429AE923[m
	[32mmodified:   .Rproj.user/48B8425D/console06/INDEX001[m
	[32mmodified:   .Rproj.user/48B8425D/pcs/windowlayoutstate.pper[m
	[32mmodified:   .Rproj.user/48B8425D/pcs/workbench-pane.pper[m
	[32mmodified:   .Rproj.user/48B8425D/sources/prop/CAA05374[m
	[32mdeleted:    .Rproj.user/48B8425D/sources/s-578C43AD/3E0CFC81-contents[m
	[32mdeleted:    .Rproj.user/48B8425D/sources/s-578C43AD/48F519F2-contents[m
	[32mdeleted:    .Rproj.user/48B8425D/sources/s-578C43AD/531B7191-contents[m
	[32mdeleted:    .Rproj.user/48B8425D/sources/s-578C43AD/5FA26353[m
	[32mdeleted:    .Rproj.user/48B8425D/sources/s-578C43AD/5FA26353-contents[m
	[32mdeleted:    .Rproj.user/48B8425D/sources/s-578C43AD/60DDDC4F-contents[m
	[32mdeleted:    .Rproj.user/48B8425D/sources/s-578C43AD/690D8F90-contents[m
	[32mdeleted:    .Rproj.user/48B8425D/sources/s-578C43AD/A7952EDD[m
	[32mdeleted:    .Rproj.user/48B8425D/sources/s-578C43AD/A7952EDD-contents[m
	[32mdeleted:    .Rproj.user/48B8425D/sources/s-578C43AD/AA6F3354-contents[m
	[32mdeleted:    .Rproj.user/48B8425D/sources/s-578C43AD/C439937C-contents[m
	[32mdeleted:    .Rproj.user/48B8425D/sources/s-578C43AD/lock_file[m
	[32mmodified:   .gitignore[m
	[32mmodified:   NAMESPACE[m
	[32mmodified:   R/get_dictionary-function.R[m
	[32mrenamed:    .Rproj.user/48B8425D/sources/s-578C43AD/9C84C381-contents -> man/get_var_labels.Rd[m

Changes not staged for commit:
  (use "git add <file>..." to update what will be committed)
  (use "git checkout -- <file>..." to discard changes in working directory)

	[31mmodified:   .Rproj.user/48B8425D/console06/429AE923[m

]0;~/Desktop/r-things/renataRenatas-MacBook-Pro:renata rgerecke$ git add .
]0;~/Desktop/r-things/renataRenatas-MacBook-Pro:renata rgerecke$ git status
On branch master
Changes to be committed:
  (use "git reset HEAD <file>..." to unstage)

	[32mmodified:   .Rhistory[m
	[32mmodified:   .Rproj.user/48B8425D/console06/429AE923[m
	[32mmodified:   .Rproj.user/48B8425D/console06/429AE923.env[m
	[32mmodified:   .Rproj.user/48B8425D/console06/INDEX001[m
	[32mmodified:   .Rproj.user/48B8425D/pcs/windowlayoutstate.pper[m
	[32mmodified:   .Rproj.user/48B8425D/pcs/workbench-pane.pper[m
	[32mmodified:   .Rproj.user/48B8425D/sources/prop/88FEF692[m
	[32mmodified:   .Rproj.user/48B8425D/sources/prop/CAA05374[m
	[32mdeleted:    .Rproj.user/48B8425D/sources/s-578C43AD/3E0CFC81-contents[m
	[32mdeleted:    .Rproj.user/48B8425D/sources/s-578C43AD/48F519F2-contents[m
	[32mdeleted:    .Rproj.user/48B8425D/sources/s-578C43AD/531B7191-contents[m
	[32mdeleted:    .Rproj.user/48B8425D/sources/s-578C43AD/5FA26353[m
	[32mdeleted:    .Rproj.user/48B8425D/sources/s-578C43AD/5FA26353-contents[m
	[32mdeleted:    .Rproj.user/48B8425D/sources/s-578C43AD/60DDDC4F-contents[m
	[32mdeleted:    .Rproj.user/48B8425D/sources/s-578C43AD/690D8F90-contents[m
	[32mdeleted:    .Rproj.user/48B8425D/sources/s-578C43AD/A7952EDD[m
	[32mdeleted:    .Rproj.user/48B8425D/sources/s-578C43AD/A7952EDD-contents[m
	[32mdeleted:    .Rproj.user/48B8425D/sources/s-578C43AD/AA6F3354-contents[m
	[32mdeleted:    .Rproj.user/48B8425D/sources/s-578C43AD/C439937C-contents[m
	[32mdeleted:    .Rproj.user/48B8425D/sources/s-578C43AD/lock_file[m
	[32mmodified:   .gitignore[m
	[32mmodified:   NAMESPACE[m
	[32mmodified:   R/get_dictionary-function.R[m
	[32mrenamed:    .Rproj.user/48B8425D/sources/s-578C43AD/9C84C381-contents -> man/get_var_labels.Rd[m

Changes not staged for commit:
  (use "git add <file>..." to update what will be committed)
  (use "git checkout -- <file>..." to discard changes in working directory)

	[31mmodified:   .Rproj.user/48B8425D/console06/429AE923[m

]0;~/Desktop/r-things/renataRenatas-MacBook-Pro:renata rgerecke$ devtools::document()
> 
]0;~/Desktop/r-things/renataRenatas-MacBook-Pro:renata rgerecke$ git add .